// Jest Snapshot v1, https://goo.gl/fbAQLP

exports[`render Header correctly 1`] = `
<header
  className="header"
>
  <div
    className="content-container"
  >
    <div
      className="header-content"
    >
      <Link
        className="header-title"
        to="/dashboard"
      >
        <h1>
          Boilerpalte-v2
        </h1>
      </Link>
      <button
        className="login-button button--link"
        onClick={[Function]}
      >
        Logout
      </button>
    </div>
  </div>
</header>
`;
